// Jest Snapshot v1, https://goo.gl/fbAQLP

exports[`RequestReset Component Renders and matches snapshot 1`] = `
<form
  className="Form-sc-1xszr8q-0 gvKJrt"
  data-test="form"
  method="POST"
  onSubmit={[Function]}
>
  <fieldset
    aria-busy={false}
    disabled={false}
  >
    <h2>
      Reset Your Password
    </h2>
    <DisplayError
      error={Object {}}
    />
    <label
      htmlFor="email"
    >
      Email
      <input
        id="email"
        name="email"
        onChange={[Function]}
        placeholder="john.doe@gmail.com"
        required={true}
        type="email"
        value=""
      />
    </label>
    <button
      type="submit"
    >
      Reset Password
    </button>
  </fieldset>
</form>
`;
