// Jest Snapshot v1, https://goo.gl/fbAQLP

exports[`Signup Component Renders and matches snapshot 1`] = `
<form
  className="Form-sc-1xszr8q-0 gvKJrt"
  data-test="signup"
  method="POST"
  onSubmit={[Function]}
>
  <fieldset
    aria-busy={false}
    disabled={false}
  >
    <h2>
      Sign Up for an Account
    </h2>
    <DisplayError
      error={Object {}}
    />
    <label
      htmlFor="email"
    >
      Email
      <input
        id="email"
        name="email"
        onChange={[Function]}
        placeholder="jack.doe@gmail.com"
        required={true}
        type="email"
        value=""
      />
    </label>
    <label
      htmlFor="Fname"
    >
      First Name
      <input
        id="Fname"
        name="Fname"
        onChange={[Function]}
        placeholder="Jack"
        required={true}
        type="text"
        value=""
      />
    </label>
    <label
      htmlFor="password"
    >
      Password
      <input
        id="password"
        name="password"
        onChange={[Function]}
        placeholder="Enter secure password"
        required={true}
        type="password"
        value=""
      />
    </label>
    <button
      type="submit"
    >
      Sign Up
    </button>
  </fieldset>
</form>
`;
