// Jest Snapshot v1, https://goo.gl/fbAQLP

exports[`Single Item Component Errors with a not found item 1`] = `
<p
  data-test="graphql-error"
>
  <strong>
    Shoot!
  </strong>
  Item not found!
</p>
`;

exports[`Single Item Component Renders with proper data 1`] = `
<h2>
  Viewing 
  dogs are best
</h2>
`;
